BL51 BANKED LINKER/LOCATER V6.22.2.0                                                    03/01/2022  11:43:19  PAGE 1


BL51 BANKED LINKER/LOCATER V6.22.2.0, INVOKED BY:
D:\KEILC\C51\BIN\BL51.EXE .\Objects\test.obj TO .\Objects\tesst PRINT (.\Listings\tesst.m51)


INPUT MODULES INCLUDED:
  .\Objects\test.obj (TEST)


LINK MAP OF MODULE:  .\Objects\tesst (TEST)


            TYPE    BASE      LENGTH    RELOCATION   SEGMENT NAME
            -----------------------------------------------------

            * * * * * * *   D A T A   M E M O R Y   * * * * * * *
            REG     0000H     0008H     ABSOLUTE     "REG BANK 0"

            * * * * * * *   C O D E   M E M O R Y   * * * * * * *
            CODE    0000H     0003H     ABSOLUTE     



SYMBOL TABLE OF MODULE:  .\Objects\tesst (TEST)

  VALUE           TYPE          NAME
  ----------------------------------

  -------         MODULE        TEST
  D:00A0H         SYMBOL        P2
  C:0000H         LINE#         2
  -------         ENDMOD        TEST

******************************************************************************
* RESTRICTED VERSION WITH 0800H BYTE CODE SIZE LIMIT; USED: 0003H BYTE ( 0%) *
******************************************************************************

Program Size: data=8.0 xdata=0 code=3
LINK/LOCATE RUN COMPLETE.  0 WARNING(S),  0 ERROR(S)
